C:/Users/mrkew/OneDrive - University of Cape Town/UCT/3rd Year/2nd Semester/EEE3096S/Practicals/HLDZUH001_KSHKAV001_EEE3096S/Prac1/Core/Src/stm32f0xx_it.c:69:6:NMI_Handler	8	static
C:/Users/mrkew/OneDrive - University of Cape Town/UCT/3rd Year/2nd Semester/EEE3096S/Practicals/HLDZUH001_KSHKAV001_EEE3096S/Prac1/Core/Src/stm32f0xx_it.c:84:6:HardFault_Handler	8	static
C:/Users/mrkew/OneDrive - University of Cape Town/UCT/3rd Year/2nd Semester/EEE3096S/Practicals/HLDZUH001_KSHKAV001_EEE3096S/Prac1/Core/Src/stm32f0xx_it.c:99:6:SVC_Handler	8	static
C:/Users/mrkew/OneDrive - University of Cape Town/UCT/3rd Year/2nd Semester/EEE3096S/Practicals/HLDZUH001_KSHKAV001_EEE3096S/Prac1/Core/Src/stm32f0xx_it.c:112:6:PendSV_Handler	8	static
C:/Users/mrkew/OneDrive - University of Cape Town/UCT/3rd Year/2nd Semester/EEE3096S/Practicals/HLDZUH001_KSHKAV001_EEE3096S/Prac1/Core/Src/stm32f0xx_it.c:125:6:SysTick_Handler	8	static
